// Jest Snapshot v1, https://goo.gl/fbAQLP

exports[`LeaderboardLayout renders correctly 1`] = `
<RNCSafeAreaProvider
  onInsetsChange={[Function]}
  style={
    [
      {
        "flex": 1,
      },
      undefined,
    ]
  }
>
  <View
    style={
      [
        {
          "flex": 1,
        },
        undefined,
      ]
    }
  >
    <RNSScreenStack
      style={
        {
          "flex": 1,
        }
      }
    >
      <RNSScreen
        collapsable={false}
        forwardedRef={[Function]}
        gestureResponseDistance={
          {
            "bottom": -1,
            "end": -1,
            "start": -1,
            "top": -1,
          }
        }
        nativeBackButtonDismissalEnabled={false}
        onAppear={[Function]}
        onDisappear={[Function]}
        onDismissed={[Function]}
        onHeaderBackButtonClicked={[Function]}
        onNativeDismissCancelled={[Function]}
        onTransitionProgress={[Function]}
        onWillDisappear={[Function]}
        replaceAnimation="push"
        stackPresentation="push"
        style={
          {
            "bottom": 0,
            "left": 0,
            "position": "absolute",
            "right": 0,
            "top": 0,
          }
        }
        swipeDirection="horizontal"
      >
        <RNSScreenStackHeaderConfig
          backButtonInCustomView={false}
          backgroundColor="rgb(255, 255, 255)"
          color="rgb(0, 122, 255)"
          direction="ltr"
          disableBackButtonMenu={false}
          hidden={false}
          hideBackButton={false}
          largeTitleHideShadow={false}
          title="TestScreen"
          titleColor="rgb(28, 28, 30)"
          topInsetEnabled={false}
          translucent={false}
        />
        <View
          accessibilityElementsHidden={false}
          importantForAccessibility="auto"
          style={
            {
              "flex": 1,
              "flexDirection": "column-reverse",
            }
          }
        >
          <View
            style={
              [
                {
                  "flex": 1,
                },
                {
                  "backgroundColor": "rgb(242, 242, 242)",
                },
                undefined,
              ]
            }
          >
            <View
              dataSet={{}}
              style={{}}
            >
              <View
                dataSet={{}}
                style={{}}
              >
                <View
                  accessible={true}
                  collapsable={false}
                  focusable={true}
                  onClick={[Function]}
                  onResponderGrant={[Function]}
                  onResponderMove={[Function]}
                  onResponderRelease={[Function]}
                  onResponderTerminate={[Function]}
                  onResponderTerminationRequest={[Function]}
                  onStartShouldSetResponder={[Function]}
                  style={
                    {
                      "opacity": 1,
                    }
                  }
                  testID="leaderboard-card"
                >
                  <View
                    style={
                      {
                        "shadowColor": "black",
                        "shadowOffset": {
                          "height": 5,
                          "width": 5,
                        },
                        "shadowOpacity": 0.05,
                        "width": "100%",
                      }
                    }
                  >
                    <ViewManagerAdapter_ExpoLinearGradient
                      proxiedProperties={
                        {
                          "colors": [
                            4294688548,
                            4294759245,
                          ],
                          "endPoint": [
                            0.5,
                            2,
                          ],
                          "locations": undefined,
                          "startPoint": undefined,
                        }
                      }
                      style={
                        [
                          {
                            "borderRadius": 10,
                            "padding": 20,
                          },
                        ]
                      }
                    >
                      <View
                        dataSet={{}}
                        style={
                          {
                            "alignItems": "center",
                            "flexDirection": "row",
                            "justifyContent": "space-between",
                          }
                        }
                      >
                        <View
                          dataSet={{}}
                          style={
                            {
                              "flexDirection": "row",
                            }
                          }
                        >
                          <View
                            dataSet={{}}
                            style={
                              {
                                "height": 50,
                                "width": 50,
                              }
                            }
                          >
                            <View
                              dataSet={{}}
                              style={
                                [
                                  {},
                                  {
                                    "aspectRatio": 1,
                                    "style": undefined,
                                  },
                                ]
                              }
                            >
                              <View
                                dataSet={{}}
                                style={
                                  [
                                    {
                                      "alignItems": "center",
                                      "backgroundColor": "#a1a1aa",
                                      "borderColor": "#27272a",
                                      "borderRadius": 9999,
                                      "height": "100%",
                                      "justifyContent": "center",
                                      "position": "relative",
                                      "width": "100%",
                                    },
                                    {
                                      "bottom": 0,
                                      "left": 0,
                                      "position": "absolute",
                                      "right": 0,
                                      "top": 0,
                                    },
                                  ]
                                }
                              >
                                <Image
                                  accessibilityLabel="--"
                                  alt="--"
                                  dataSet={{}}
                                  onError={[Function]}
                                  source={
                                    {
                                      "uri": "https://robohash.org/100",
                                    }
                                  }
                                  style={
                                    [
                                      {
                                        "borderRadius": 9999,
                                        "maxWidth": "100%",
                                      },
                                      {
                                        "height": "100%",
                                        "width": "100%",
                                      },
                                    ]
                                  }
                                />
                              </View>
                            </View>
                          </View>
                          <View
                            dataSet={{}}
                            style={
                              {
                                "width": 25,
                              }
                            }
                          />
                          <View
                            dataSet={{}}
                            style={{}}
                          >
                            <Text
                              style={
                                [
                                  {
                                    "color": "#0f172a",
                                  },
                                  {
                                    "fontFamily": undefined,
                                    "fontSize": 23,
                                  },
                                  undefined,
                                ]
                              }
                            >
                              Alice
                            </Text>
                            <Text
                              style={
                                [
                                  {
                                    "color": "#0f172a",
                                  },
                                  {
                                    "fontFamily": undefined,
                                    "fontSize": 19,
                                  },
                                  undefined,
                                ]
                              }
                            >
                              4
                               Checkins
                            </Text>
                          </View>
                        </View>
                        <View
                          dataSet={{}}
                          style={{}}
                        />
                        <View
                          dataSet={{}}
                          style={{}}
                        >
                          <Text
                            style={
                              [
                                {
                                  "color": "#0f172a",
                                },
                                {
                                  "fontFamily": undefined,
                                  "fontSize": 23,
                                },
                                undefined,
                              ]
                            }
                          >
                            #
                            1
                          </Text>
                        </View>
                      </View>
                    </ViewManagerAdapter_ExpoLinearGradient>
                  </View>
                </View>
                <View
                  dataSet={{}}
                  style={
                    {
                      "height": 25,
                    }
                  }
                />
                <View
                  accessible={true}
                  collapsable={false}
                  focusable={true}
                  onClick={[Function]}
                  onResponderGrant={[Function]}
                  onResponderMove={[Function]}
                  onResponderRelease={[Function]}
                  onResponderTerminate={[Function]}
                  onResponderTerminationRequest={[Function]}
                  onStartShouldSetResponder={[Function]}
                  style={
                    {
                      "opacity": 1,
                    }
                  }
                  testID="leaderboard-card"
                >
                  <View
                    style={
                      {
                        "shadowColor": "black",
                        "shadowOffset": {
                          "height": 5,
                          "width": 5,
                        },
                        "shadowOpacity": 0.05,
                        "width": "100%",
                      }
                    }
                  >
                    <ViewManagerAdapter_ExpoLinearGradient
                      proxiedProperties={
                        {
                          "colors": [
                            4294677052,
                            4294818420,
                          ],
                          "endPoint": [
                            0.5,
                            2,
                          ],
                          "locations": undefined,
                          "startPoint": undefined,
                        }
                      }
                      style={
                        [
                          {
                            "borderRadius": 10,
                            "padding": 20,
                          },
                        ]
                      }
                    >
                      <View
                        dataSet={{}}
                        style={
                          {
                            "alignItems": "center",
                            "flexDirection": "row",
                            "justifyContent": "space-between",
                          }
                        }
                      >
                        <View
                          dataSet={{}}
                          style={
                            {
                              "flexDirection": "row",
                            }
                          }
                        >
                          <View
                            dataSet={{}}
                            style={
                              {
                                "height": 50,
                                "width": 50,
                              }
                            }
                          >
                            <View
                              dataSet={{}}
                              style={
                                [
                                  {},
                                  {
                                    "aspectRatio": 1,
                                    "style": undefined,
                                  },
                                ]
                              }
                            >
                              <View
                                dataSet={{}}
                                style={
                                  [
                                    {
                                      "alignItems": "center",
                                      "backgroundColor": "#a1a1aa",
                                      "borderColor": "#27272a",
                                      "borderRadius": 9999,
                                      "height": "100%",
                                      "justifyContent": "center",
                                      "position": "relative",
                                      "width": "100%",
                                    },
                                    {
                                      "bottom": 0,
                                      "left": 0,
                                      "position": "absolute",
                                      "right": 0,
                                      "top": 0,
                                    },
                                  ]
                                }
                              >
                                <Image
                                  accessibilityLabel="--"
                                  alt="--"
                                  dataSet={{}}
                                  onError={[Function]}
                                  source={
                                    {
                                      "uri": "https://robohash.org/200",
                                    }
                                  }
                                  style={
                                    [
                                      {
                                        "borderRadius": 9999,
                                        "maxWidth": "100%",
                                      },
                                      {
                                        "height": "100%",
                                        "width": "100%",
                                      },
                                    ]
                                  }
                                />
                              </View>
                            </View>
                          </View>
                          <View
                            dataSet={{}}
                            style={
                              {
                                "width": 25,
                              }
                            }
                          />
                          <View
                            dataSet={{}}
                            style={{}}
                          >
                            <Text
                              style={
                                [
                                  {
                                    "color": "#0f172a",
                                  },
                                  {
                                    "fontFamily": undefined,
                                    "fontSize": 23,
                                  },
                                  undefined,
                                ]
                              }
                            >
                              Bob
                            </Text>
                            <Text
                              style={
                                [
                                  {
                                    "color": "#0f172a",
                                  },
                                  {
                                    "fontFamily": undefined,
                                    "fontSize": 19,
                                  },
                                  undefined,
                                ]
                              }
                            >
                              3
                               Checkins
                            </Text>
                          </View>
                        </View>
                        <View
                          dataSet={{}}
                          style={{}}
                        />
                        <View
                          dataSet={{}}
                          style={{}}
                        >
                          <Text
                            style={
                              [
                                {
                                  "color": "#0f172a",
                                },
                                {
                                  "fontFamily": undefined,
                                  "fontSize": 23,
                                },
                                undefined,
                              ]
                            }
                          >
                            #
                            2
                          </Text>
                        </View>
                      </View>
                    </ViewManagerAdapter_ExpoLinearGradient>
                  </View>
                </View>
                <View
                  dataSet={{}}
                  style={
                    {
                      "height": 25,
                    }
                  }
                />
                <View
                  accessible={true}
                  collapsable={false}
                  focusable={true}
                  onClick={[Function]}
                  onResponderGrant={[Function]}
                  onResponderMove={[Function]}
                  onResponderRelease={[Function]}
                  onResponderTerminate={[Function]}
                  onResponderTerminationRequest={[Function]}
                  onStartShouldSetResponder={[Function]}
                  style={
                    {
                      "opacity": 1,
                    }
                  }
                  testID="leaderboard-card"
                >
                  <View
                    style={
                      {
                        "shadowColor": "black",
                        "shadowOffset": {
                          "height": 5,
                          "width": 5,
                        },
                        "shadowOpacity": 0.05,
                        "width": "100%",
                      }
                    }
                  >
                    <ViewManagerAdapter_ExpoLinearGradient
                      proxiedProperties={
                        {
                          "colors": [
                            4288455599,
                            4291941851,
                          ],
                          "endPoint": [
                            0.5,
                            2,
                          ],
                          "locations": undefined,
                          "startPoint": undefined,
                        }
                      }
                      style={
                        [
                          {
                            "borderRadius": 10,
                            "padding": 20,
                          },
                        ]
                      }
                    >
                      <View
                        dataSet={{}}
                        style={
                          {
                            "alignItems": "center",
                            "flexDirection": "row",
                            "justifyContent": "space-between",
                          }
                        }
                      >
                        <View
                          dataSet={{}}
                          style={
                            {
                              "flexDirection": "row",
                            }
                          }
                        >
                          <View
                            dataSet={{}}
                            style={
                              {
                                "height": 50,
                                "width": 50,
                              }
                            }
                          >
                            <View
                              dataSet={{}}
                              style={
                                [
                                  {},
                                  {
                                    "aspectRatio": 1,
                                    "style": undefined,
                                  },
                                ]
                              }
                            >
                              <View
                                dataSet={{}}
                                style={
                                  [
                                    {
                                      "alignItems": "center",
                                      "backgroundColor": "#a1a1aa",
                                      "borderColor": "#27272a",
                                      "borderRadius": 9999,
                                      "height": "100%",
                                      "justifyContent": "center",
                                      "position": "relative",
                                      "width": "100%",
                                    },
                                    {
                                      "bottom": 0,
                                      "left": 0,
                                      "position": "absolute",
                                      "right": 0,
                                      "top": 0,
                                    },
                                  ]
                                }
                              >
                                <Image
                                  accessibilityLabel="--"
                                  alt="--"
                                  dataSet={{}}
                                  onError={[Function]}
                                  source={
                                    {
                                      "uri": "https://robohash.org/300",
                                    }
                                  }
                                  style={
                                    [
                                      {
                                        "borderRadius": 9999,
                                        "maxWidth": "100%",
                                      },
                                      {
                                        "height": "100%",
                                        "width": "100%",
                                      },
                                    ]
                                  }
                                />
                              </View>
                            </View>
                          </View>
                          <View
                            dataSet={{}}
                            style={
                              {
                                "width": 25,
                              }
                            }
                          />
                          <View
                            dataSet={{}}
                            style={{}}
                          >
                            <Text
                              style={
                                [
                                  {
                                    "color": "#0f172a",
                                  },
                                  {
                                    "fontFamily": undefined,
                                    "fontSize": 23,
                                  },
                                  undefined,
                                ]
                              }
                            >
                              Charlie
                            </Text>
                            <Text
                              style={
                                [
                                  {
                                    "color": "#0f172a",
                                  },
                                  {
                                    "fontFamily": undefined,
                                    "fontSize": 19,
                                  },
                                  undefined,
                                ]
                              }
                            >
                              2
                               Checkins
                            </Text>
                          </View>
                        </View>
                        <View
                          dataSet={{}}
                          style={{}}
                        />
                        <View
                          dataSet={{}}
                          style={{}}
                        >
                          <Text
                            style={
                              [
                                {
                                  "color": "#0f172a",
                                },
                                {
                                  "fontFamily": undefined,
                                  "fontSize": 23,
                                },
                                undefined,
                              ]
                            }
                          >
                            #
                            3
                          </Text>
                        </View>
                      </View>
                    </ViewManagerAdapter_ExpoLinearGradient>
                  </View>
                </View>
              </View>
              <View
                dataSet={{}}
                style={
                  {
                    "alignItems": "center",
                    "display": "flex",
                    "justifyContent": "center",
                  }
                }
              />
            </View>
          </View>
        </View>
      </RNSScreen>
    </RNSScreenStack>
  </View>
</RNCSafeAreaProvider>
`;
