// Jest Snapshot v1, https://goo.gl/fbAQLP

exports[`LeaderboardSettings matches snapshot 1`] = `
<TestingWrapperNavigation
  store={
    {
      "clearActions": [Function],
      "dispatch": [Function],
      "getActions": [Function],
      "getState": [Function],
      "replaceReducer": [Function],
      "subscribe": [Function],
    }
  }
>
  <LeaderboardSettings />
</TestingWrapperNavigation>
`;
